{
  "stepDefinitions": [],
  "hooks": [],
  "sourceFiles": {},
  "typeNames": {},
  "analyticsProperties": {
    "Connector": "<connector>",
    "ImageRuntimeVersion": "v4.0.30319",
    "SFFile": "Reqnroll.dll",
    "SFFileVersion": "3.0.0",
    "SFProductVersion": "3.2.0+31832046767fc043c9e10d0cc23591c819071bc1",
    "SourcePaths": "1",
    "StepDefinitions": "3",
    "TargetFramework": ".NETCoreApp,Version=v8.0",
    "TypeNames": "0"
  }
}